/Users/shiva/Coding/A10/.venv/lib/python3.9/site-packages/urllib3/__init__.py:35: NotOpenSSLWarning: urllib3 v2 only supports OpenSSL 1.1.1+, currently the 'ssl' module is compiled with 'LibreSSL 2.8.3'. See: https://github.com/urllib3/urllib3/issues/3020
  warnings.warn(
[2026-04-17 13:53:18,463] Shivajis-MacBook-Pro/INFO/locust.main: Starting Locust 2.34.0
[2026-04-17 13:53:18,463] Shivajis-MacBook-Pro/WARNING/locust.main: Python 3.9 support is deprecated and will be removed soon
[2026-04-17 13:53:18,465] Shivajis-MacBook-Pro/INFO/locust.main: Run time limit set to 120 seconds
[2026-04-17 13:53:18,465] Shivajis-MacBook-Pro/INFO/locust.runners: Ramping to 2 users at a rate of 12.00 per second
[2026-04-17 13:53:18,465] Shivajis-MacBook-Pro/INFO/locust.runners: All users spawned: {"DemoUser": 2} (2 total users)
[2026-04-17 13:55:18,380] Shivajis-MacBook-Pro/INFO/locust.main: --run-time limit reached, shutting down
[2026-04-17 13:55:18,406] Shivajis-MacBook-Pro/INFO/locust.main: Shutting down (exit code 0)
Type     Name                                                                          # reqs      # fails |    Avg     Min     Max    Med |   req/s  failures/s
--------|----------------------------------------------------------------------------|-------|-------------|-------|-------|-------|-------|--------|-----------
POST     /signup                                                                          168     0(0.00%) |    444     396     502    440 |    1.41        0.00
--------|----------------------------------------------------------------------------|-------|-------------|-------|-------|-------|-------|--------|-----------
         Aggregated                                                                       168     0(0.00%) |    444     396     502    440 |    1.41        0.00

Response time percentiles (approximated)
Type     Name                                                                                  50%    66%    75%    80%    90%    95%    98%    99%  99.9% 99.99%   100% # reqs
--------|--------------------------------------------------------------------------------|--------|------|------|------|------|------|------|------|------|------|------|------
POST     /signup                                                                               440    450    460    460    470    480    490    490    500    500    500    168
--------|--------------------------------------------------------------------------------|--------|------|------|------|------|------|------|------|------|------|------|------
         Aggregated                                                                            440    450    460    460    470    480    490    490    500    500    500    168

